[curriculum.code.org/plcsp-21/local/index.html]
[backblue.gif]
[fade.gif]
[index.html]
[curriculum.code.org/static/css/bootstrap.min.css]
[curriculum.code.org/static/CACHE/css/88694ca50361.css]
[curriculum.code.org/static/css/bootstrap-drawer.min.css]
[curriculum.code.org/static/mezzanine/js/jquery-1.12.3.min.js]
[curriculum.code.org/static/js/jquery-ui.min.js]
[curriculum.code.org/static/js/bootstrap.min.js]
[curriculum.code.org/static/js/bootstrap-extras.js]
[curriculum.code.org/static/js/drawer.min.js]
[curriculum.code.org/media/uploads/Screen-Shot-2021-04-21-at-1.00.51-PM_kCHexZa.png]
[curriculum.code.org/media/uploads/Screen-Shot-2018-02-26-at-6.30.48-AM.png]
[curriculum.code.org/static/img/creativeCommons-by-nc-sa.png]
[curriculum.code.org/plcsp-21/local/3/index.html]
[curriculum.code.org/plcsp-21/local/2/index.html]
[curriculum.code.org/plcsp-21/local/1/index.html]
[www.google-analytics.com/analytics.js]
[curriculum.code.org/plcsp-21/local/6/index.html]
[curriculum.code.org/plcsp-21/local/5/index.html]
[curriculum.code.org/plcsp-21/local/index.html]
[curriculum.code.org/plcsp-21/local/4/index.html]
[curriculum.code.org/plcsp-21/local/8/index.html]
[curriculum.code.org/plcsp-21/local/9/index.html]
[curriculum.code.org/plcsp-21/local/7/index.html]
[curriculum.code.org/static/css/bootstrap.min.css]
[curriculum.code.org/plcsp-21/local/12/index.html]
[curriculum.code.org/plcsp-21/local/11/index.html]
[curriculum.code.org/plcsp-21/local/10/index.html]
[curriculum.code.org/plcsp-21/local/13/index.html]
[curriculum.code.org/static/CACHE/css/88694ca50361.css]
[curriculum.code.org/plcsp-21/local/14/index.html]
[curriculum.code.org/static/css/bootstrap-drawer.min.css]
[curriculum.code.org/plcsp-21/local/15/index.html]
[curriculum.code.org/plcsp-21/local/16/index.html]
[curriculum.code.org/plcsp-21/local/17/index.html]
[curriculum.code.org/plcsp-21/local/18/index.html]
[curriculum.code.org/plcsp-21/local/19/index.html]
[curriculum.code.org/static/js/toc.js]
[curriculum.code.org/static/js/jquery.details.min.js]
[curriculum.code.org/plcsp-21/local/20/index.html]
[curriculum.code.org/plcsp-21/local/21/index.html]
[curriculum.code.org/plcsp-21/local/1/index.html]
[curriculum.code.org/plcsp-21/local/2/index.html]
[curriculum.code.org/static/js/lesson.js]
[curriculum.code.org/plcsp-21/local/23/index.html]
[curriculum.code.org/plcsp-21/local/22/index.html]
[curriculum.code.org/plcsp-21/local/3/index.html]
[curriculum.code.org/plcsp-21/local/24/index.html]
[curriculum.code.org/plcsp-21/local/25/index.html]
[curriculum.code.org/plcsp-21/local/4/index.html]
[curriculum.code.org/plcsp-21/local/26/index.html]
[curriculum.code.org/plcsp-21/local/5/index.html]
[curriculum.code.org/plcsp-21/local/28/index.html]
[curriculum.code.org/plcsp-21/local/27/index.html]
[curriculum.code.org/plcsp-21/local/29/index.html]
[curriculum.code.org/plcsp-21/local/6/index.html]
[curriculum.code.org/plcsp-21/local/7/index.html]
[curriculum.code.org/plcsp-21/local/30/index.html]
[curriculum.code.org/plcsp-21/local/8/index.html]
[curriculum.code.org/plcsp-21/local/31/index.html]
[curriculum.code.org/plcsp-21/local/32/index.html]
[curriculum.code.org/plcsp-21/local/33/index.html]
[curriculum.code.org/plcsp-21/local/9/index.html]
[curriculum.code.org/plcsp-21/local/10/index.html]
[curriculum.code.org/plcsp-21/local/34/index.html]
[curriculum.code.org/plcsp-21/local/36/index.html]
[curriculum.code.org/plcsp-21/local/35/index.html]
[curriculum.code.org/plcsp-21/local/37/index.html]
[curriculum.code.org/plcsp-21/local/39/index.html]
[curriculum.code.org/plcsp-21/local/38/index.html]
[curriculum.code.org/plcsp-21/local/41/index.html]
[curriculum.code.org/plcsp-21/local/40/index.html]
[curriculum.code.org/plcsp-21/local/42/index.html]
[curriculum.code.org/plcsp-21/local/43/index.html]
[curriculum.code.org/plcsp-21/local/44/index.html]
[curriculum.code.org/plcsp-21/local/45/index.html]
[curriculum.code.org/plcsp-21/local/46/index.html]
[curriculum.code.org/plcsp-21/local/47/index.html]
[curriculum.code.org/plcsp-21/local/48/index.html]
[curriculum.code.org/plcsp-21/local/49/index.html]
[curriculum.code.org/plcsp-21/local/50/index.html]
[curriculum.code.org/plcsp-21/local/51/index.html]
[curriculum.code.org/plcsp-21/local/52/index.html]
[curriculum.code.org/plcsp-21/local/53/index.html]
[curriculum.code.org/plcsp-21/local/54/index.html]
[curriculum.code.org/plcsp-21/local/55/index.html]
[curriculum.code.org/plcsp-21/local/56/index.html]
[curriculum.code.org/plcsp-21/local/57/index.html]
[curriculum.code.org/plcsp-21/local/58/index.html]
[curriculum.code.org/plcsp-21/local/59/index.html]
[curriculum.code.org/plcsp-21/local/60/index.html]
[curriculum.code.org/plcsp-21/local/11/index.html]
[curriculum.code.org/plcsp-21/local/12/index.html]
[curriculum.code.org/plcsp-21/local/13/index.html]
[curriculum.code.org/plcsp-21/local/14/index.html]
[curriculum.code.org/plcsp-21/local/15/index.html]
[curriculum.code.org/plcsp-21/local/16/index.html]
[curriculum.code.org/plcsp-21/local/17/index.html]
[curriculum.code.org/plcsp-21/local/18/index.html]
[curriculum.code.org/plcsp-21/local/19/index.html]
[curriculum.code.org/plcsp-21/local/20/index.html]
[curriculum.code.org/plcsp-21/local/21/index.html]
[curriculum.code.org/plcsp-21/local/22/index.html]
[curriculum.code.org/plcsp-21/local/23/index.html]
[curriculum.code.org/plcsp-21/local/24/index.html]
[curriculum.code.org/plcsp-21/local/25/index.html]
[curriculum.code.org/plcsp-21/local/26/index.html]
[curriculum.code.org/plcsp-21/local/27/index.html]
[curriculum.code.org/plcsp-21/local/28/index.html]
[curriculum.code.org/plcsp-21/local/29/index.html]
[curriculum.code.org/plcsp-21/local/30/index.html]
[curriculum.code.org/plcsp-21/local/31/index.html]
[curriculum.code.org/plcsp-21/local/32/index.html]
[curriculum.code.org/plcsp-21/local/33/index.html]
[curriculum.code.org/plcsp-21/local/34/index.html]
[curriculum.code.org/plcsp-21/local/35/index.html]
[curriculum.code.org/plcsp-21/local/36/index.html]
[curriculum.code.org/plcsp-21/local/37/index.html]
[curriculum.code.org/plcsp-21/local/38/index.html]
[curriculum.code.org/plcsp-21/local/39/index.html]
[curriculum.code.org/plcsp-21/local/40/index.html]
[curriculum.code.org/plcsp-21/local/41/index.html]
[curriculum.code.org/plcsp-21/local/42/index.html]
[curriculum.code.org/plcsp-21/local/43/index.html]
[curriculum.code.org/plcsp-21/local/44/index.html]
[curriculum.code.org/plcsp-21/local/45/index.html]
[curriculum.code.org/plcsp-21/local/46/index.html]
[curriculum.code.org/plcsp-21/local/47/index.html]
[curriculum.code.org/plcsp-21/local/48/index.html]
[curriculum.code.org/plcsp-21/local/49/index.html]
[curriculum.code.org/plcsp-21/local/50/index.html]
[curriculum.code.org/plcsp-21/local/51/index.html]
[curriculum.code.org/plcsp-21/local/52/index.html]
[curriculum.code.org/plcsp-21/local/53/index.html]
[curriculum.code.org/plcsp-21/local/54/index.html]
[curriculum.code.org/plcsp-21/local/55/index.html]
[curriculum.code.org/plcsp-21/local/56/support.code.13.delayed]
[curriculum.code.org/plcsp-21/local/56/curriculum.code.14.delayed]
[curriculum.code.org/plcsp-21/local/56/index.html]
[curriculum.code.org/plcsp-21/local/57/index.html]
[curriculum.code.org/plcsp-21/local/58/index.html]
[curriculum.code.org/plcsp-21/local/59/index.html]
[curriculum.code.org/plcsp-21/local/60/index.html]
[curriculum.code.org/static/css/jquery-ui.min.css]
[curriculum.code.org/plcsp-21/local/56/support.code.html]
[curriculum.code.org/plcsp-21/local/56/curriculum.code.html]
[curriculum.code.org/static/css/images/ui-icons_444444_256x240.15.delayed]
[curriculum.code.org/static/css/images/ui-icons_555555_256x240.16.delayed]
[curriculum.code.org/static/css/images/ui-icons_ffffff_256x240.17.delayed]
[curriculum.code.org/static/css/images/ui-icons_777620_256x240.18.delayed]
[curriculum.code.org/static/css/images/ui-icons_cc0000_256x240.19.delayed]
[curriculum.code.org/static/css/images/ui-icons_777777_256x240.1a.delayed]
[curriculum.code.org/static/css/jquery-ui.min.css]
[curriculum.code.org/static/css/images/ui-icons_444444_256x240.html]
[curriculum.code.org/static/css/images/ui-icons_555555_256x240.html]
[curriculum.code.org/static/css/images/ui-icons_ffffff_256x240.html]
[curriculum.code.org/static/css/images/ui-icons_777620_256x240.html]
[curriculum.code.org/static/css/images/ui-icons_cc0000_256x240.html]
[curriculum.code.org/static/css/images/ui-icons_777777_256x240.html]
